{"timestamp":"2026-05-31T08:31:53.592Z","level":"info","message":"🛡️ Error handling system initialized"}
{"timestamp":"2026-05-31T08:31:53.593Z","level":"info","message":"🔄 Error resolution loops and memory cleanup started"}
{"timestamp":"2026-05-31T08:31:53.593Z","level":"info","message":"⚠️ Bot not available, skipping admin menu handlers initialization"}
{"timestamp":"2026-05-31T08:31:53.593Z","level":"info","message":"🚀 Comprehensive Admin Menu System initialized with error loop handling"}
{"timestamp":"2026-05-31T08:31:53.593Z","level":"info","message":"✅ Modular menu system active via MenuRouter"}
{"timestamp":"2026-05-31T08:31:53.593Z","level":"info","message":"✅ Menu Integration system active for consistent UI/UX"}
{"timestamp":"2026-05-31T08:36:20.231Z","level":"info","message":"🛡️ Error handling system initialized"}
{"timestamp":"2026-05-31T08:36:20.231Z","level":"info","message":"🔄 Error resolution loops and memory cleanup started"}
{"timestamp":"2026-05-31T08:36:20.232Z","level":"info","message":"⚠️ Bot not available, skipping admin menu handlers initialization"}
{"timestamp":"2026-05-31T08:36:20.232Z","level":"info","message":"🚀 Comprehensive Admin Menu System initialized with error loop handling"}
{"timestamp":"2026-05-31T08:36:20.232Z","level":"info","message":"✅ Modular menu system active via MenuRouter"}
{"timestamp":"2026-05-31T08:36:20.232Z","level":"info","message":"✅ Menu Integration system active for consistent UI/UX"}
{"timestamp":"2026-05-31T08:39:01.017Z","level":"info","message":"🛡️ Error handling system initialized"}
{"timestamp":"2026-05-31T08:39:01.017Z","level":"info","message":"🔄 Error resolution loops and memory cleanup started"}
{"timestamp":"2026-05-31T08:39:01.018Z","level":"info","message":"⚠️ Bot not available, skipping admin menu handlers initialization"}
{"timestamp":"2026-05-31T08:39:01.018Z","level":"info","message":"🚀 Comprehensive Admin Menu System initialized with error loop handling"}
{"timestamp":"2026-05-31T08:39:01.018Z","level":"info","message":"✅ Modular menu system active via MenuRouter"}
{"timestamp":"2026-05-31T08:39:01.018Z","level":"info","message":"✅ Menu Integration system active for consistent UI/UX"}
{"timestamp":"2026-05-31T08:51:21.992Z","level":"info","message":"🛡️ Error handling system initialized"}
{"timestamp":"2026-05-31T08:51:21.993Z","level":"info","message":"🔄 Error resolution loops and memory cleanup started"}
{"timestamp":"2026-05-31T08:51:21.994Z","level":"info","message":"⚠️ Bot not available, skipping admin menu handlers initialization"}
{"timestamp":"2026-05-31T08:51:21.994Z","level":"info","message":"🚀 Comprehensive Admin Menu System initialized with error loop handling"}
{"timestamp":"2026-05-31T08:51:21.994Z","level":"info","message":"✅ Modular menu system active via MenuRouter"}
{"timestamp":"2026-05-31T08:51:21.994Z","level":"info","message":"✅ Menu Integration system active for consistent UI/UX"}
{"timestamp":"2026-05-31T08:51:33.990Z","level":"info","message":"🛡️ Error handling system initialized"}
{"timestamp":"2026-05-31T08:51:33.991Z","level":"info","message":"🔄 Error resolution loops and memory cleanup started"}
{"timestamp":"2026-05-31T08:51:33.991Z","level":"info","message":"⚠️ Bot not available, skipping admin menu handlers initialization"}
{"timestamp":"2026-05-31T08:51:33.991Z","level":"info","message":"🚀 Comprehensive Admin Menu System initialized with error loop handling"}
{"timestamp":"2026-05-31T08:51:33.992Z","level":"info","message":"✅ Modular menu system active via MenuRouter"}
{"timestamp":"2026-05-31T08:51:33.992Z","level":"info","message":"✅ Menu Integration system active for consistent UI/UX"}
{"timestamp":"2026-05-31T10:20:37.496Z","level":"info","message":"🛡️ Error handling system initialized"}
{"timestamp":"2026-05-31T10:20:37.497Z","level":"info","message":"🔄 Error resolution loops and memory cleanup started"}
{"timestamp":"2026-05-31T10:20:37.497Z","level":"info","message":"⚠️ Bot not available, skipping admin menu handlers initialization"}
{"timestamp":"2026-05-31T10:20:37.497Z","level":"info","message":"🚀 Comprehensive Admin Menu System initialized with error loop handling"}
{"timestamp":"2026-05-31T10:20:37.497Z","level":"info","message":"✅ Modular menu system active via MenuRouter"}
{"timestamp":"2026-05-31T10:20:37.497Z","level":"info","message":"✅ Menu Integration system active for consistent UI/UX"}
{"timestamp":"2026-05-31T10:21:03.911Z","level":"info","message":"🛡️ Error handling system initialized"}
{"timestamp":"2026-05-31T10:21:03.912Z","level":"info","message":"🔄 Error resolution loops and memory cleanup started"}
{"timestamp":"2026-05-31T10:21:03.913Z","level":"info","message":"⚠️ Bot not available, skipping admin menu handlers initialization"}
{"timestamp":"2026-05-31T10:21:03.913Z","level":"info","message":"🚀 Comprehensive Admin Menu System initialized with error loop handling"}
{"timestamp":"2026-05-31T10:21:03.913Z","level":"info","message":"✅ Modular menu system active via MenuRouter"}
{"timestamp":"2026-05-31T10:21:03.913Z","level":"info","message":"✅ Menu Integration system active for consistent UI/UX"}
{"timestamp":"2026-05-31T10:21:14.706Z","level":"info","message":"🛡️ Error handling system initialized"}
{"timestamp":"2026-05-31T10:21:14.708Z","level":"info","message":"🔄 Error resolution loops and memory cleanup started"}
{"timestamp":"2026-05-31T10:21:14.709Z","level":"info","message":"⚠️ Bot not available, skipping admin menu handlers initialization"}
{"timestamp":"2026-05-31T10:21:14.709Z","level":"info","message":"🚀 Comprehensive Admin Menu System initialized with error loop handling"}
{"timestamp":"2026-05-31T10:21:14.709Z","level":"info","message":"✅ Modular menu system active via MenuRouter"}
{"timestamp":"2026-05-31T10:21:14.709Z","level":"info","message":"✅ Menu Integration system active for consistent UI/UX"}
{"timestamp":"2026-05-31T10:21:49.786Z","level":"info","message":"🛡️ Error handling system initialized"}
{"timestamp":"2026-05-31T10:21:49.787Z","level":"info","message":"🔄 Error resolution loops and memory cleanup started"}
{"timestamp":"2026-05-31T10:21:49.788Z","level":"info","message":"⚠️ Bot not available, skipping admin menu handlers initialization"}
{"timestamp":"2026-05-31T10:21:49.788Z","level":"info","message":"🚀 Comprehensive Admin Menu System initialized with error loop handling"}
{"timestamp":"2026-05-31T10:21:49.788Z","level":"info","message":"✅ Modular menu system active via MenuRouter"}
{"timestamp":"2026-05-31T10:21:49.788Z","level":"info","message":"✅ Menu Integration system active for consistent UI/UX"}
{"timestamp":"2026-05-31T10:22:17.729Z","level":"info","message":"🛡️ Error handling system initialized"}
{"timestamp":"2026-05-31T10:22:17.730Z","level":"info","message":"🔄 Error resolution loops and memory cleanup started"}
{"timestamp":"2026-05-31T10:22:17.730Z","level":"info","message":"⚠️ Bot not available, skipping admin menu handlers initialization"}
{"timestamp":"2026-05-31T10:22:17.730Z","level":"info","message":"🚀 Comprehensive Admin Menu System initialized with error loop handling"}
{"timestamp":"2026-05-31T10:22:17.730Z","level":"info","message":"✅ Modular menu system active via MenuRouter"}
{"timestamp":"2026-05-31T10:22:17.730Z","level":"info","message":"✅ Menu Integration system active for consistent UI/UX"}
{"timestamp":"2026-05-31T10:23:35.008Z","level":"info","message":"🛡️ Error handling system initialized"}
{"timestamp":"2026-05-31T10:23:35.009Z","level":"info","message":"🔄 Error resolution loops and memory cleanup started"}
{"timestamp":"2026-05-31T10:23:35.010Z","level":"info","message":"⚠️ Bot not available, skipping admin menu handlers initialization"}
{"timestamp":"2026-05-31T10:23:35.010Z","level":"info","message":"🚀 Comprehensive Admin Menu System initialized with error loop handling"}
{"timestamp":"2026-05-31T10:23:35.010Z","level":"info","message":"✅ Modular menu system active via MenuRouter"}
{"timestamp":"2026-05-31T10:23:35.010Z","level":"info","message":"✅ Menu Integration system active for consistent UI/UX"}
{"timestamp":"2026-05-31T10:24:17.132Z","level":"info","message":"🛡️ Error handling system initialized"}
{"timestamp":"2026-05-31T10:24:17.133Z","level":"info","message":"🔄 Error resolution loops and memory cleanup started"}
{"timestamp":"2026-05-31T10:24:17.133Z","level":"info","message":"⚠️ Bot not available, skipping admin menu handlers initialization"}
{"timestamp":"2026-05-31T10:24:17.133Z","level":"info","message":"🚀 Comprehensive Admin Menu System initialized with error loop handling"}
{"timestamp":"2026-05-31T10:24:17.133Z","level":"info","message":"✅ Modular menu system active via MenuRouter"}
{"timestamp":"2026-05-31T10:24:17.133Z","level":"info","message":"✅ Menu Integration system active for consistent UI/UX"}
{"timestamp":"2026-05-31T10:24:27.121Z","level":"info","message":"🛡️ Error handling system initialized"}
{"timestamp":"2026-05-31T10:24:27.122Z","level":"info","message":"🔄 Error resolution loops and memory cleanup started"}
{"timestamp":"2026-05-31T10:24:27.123Z","level":"info","message":"⚠️ Bot not available, skipping admin menu handlers initialization"}
{"timestamp":"2026-05-31T10:24:27.123Z","level":"info","message":"🚀 Comprehensive Admin Menu System initialized with error loop handling"}
{"timestamp":"2026-05-31T10:24:27.123Z","level":"info","message":"✅ Modular menu system active via MenuRouter"}
{"timestamp":"2026-05-31T10:24:27.123Z","level":"info","message":"✅ Menu Integration system active for consistent UI/UX"}
{"timestamp":"2026-05-31T10:29:52.149Z","level":"info","message":"🛡️ Error handling system initialized"}
{"timestamp":"2026-05-31T10:29:52.151Z","level":"info","message":"🔄 Error resolution loops and memory cleanup started"}
{"timestamp":"2026-05-31T10:29:52.151Z","level":"info","message":"⚠️ Bot not available, skipping admin menu handlers initialization"}
{"timestamp":"2026-05-31T10:29:52.152Z","level":"info","message":"🚀 Comprehensive Admin Menu System initialized with error loop handling"}
{"timestamp":"2026-05-31T10:29:52.152Z","level":"info","message":"✅ Modular menu system active via MenuRouter"}
{"timestamp":"2026-05-31T10:29:52.152Z","level":"info","message":"✅ Menu Integration system active for consistent UI/UX"}
{"timestamp":"2026-05-31T10:33:19.622Z","level":"info","message":"🛡️ Error handling system initialized"}
{"timestamp":"2026-05-31T10:33:19.623Z","level":"info","message":"🔄 Error resolution loops and memory cleanup started"}
{"timestamp":"2026-05-31T10:33:19.623Z","level":"info","message":"⚠️ Bot not available, skipping admin menu handlers initialization"}
{"timestamp":"2026-05-31T10:33:19.623Z","level":"info","message":"🚀 Comprehensive Admin Menu System initialized with error loop handling"}
{"timestamp":"2026-05-31T10:33:19.623Z","level":"info","message":"✅ Modular menu system active via MenuRouter"}
{"timestamp":"2026-05-31T10:33:19.623Z","level":"info","message":"✅ Menu Integration system active for consistent UI/UX"}
{"timestamp":"2026-05-31T10:37:13.068Z","level":"info","message":"🛡️ Error handling system initialized"}
{"timestamp":"2026-05-31T10:37:13.069Z","level":"info","message":"🔄 Error resolution loops and memory cleanup started"}
{"timestamp":"2026-05-31T10:37:13.069Z","level":"info","message":"⚠️ Bot not available, skipping admin menu handlers initialization"}
{"timestamp":"2026-05-31T10:37:13.069Z","level":"info","message":"🚀 Comprehensive Admin Menu System initialized with error loop handling"}
{"timestamp":"2026-05-31T10:37:13.069Z","level":"info","message":"✅ Modular menu system active via MenuRouter"}
{"timestamp":"2026-05-31T10:37:13.069Z","level":"info","message":"✅ Menu Integration system active for consistent UI/UX"}
{"timestamp":"2026-05-31T10:44:27.136Z","level":"info","message":"🛡️ Error handling system initialized"}
{"timestamp":"2026-05-31T10:44:27.137Z","level":"info","message":"🔄 Error resolution loops and memory cleanup started"}
{"timestamp":"2026-05-31T10:44:27.137Z","level":"info","message":"⚠️ Bot not available, skipping admin menu handlers initialization"}
{"timestamp":"2026-05-31T10:44:27.137Z","level":"info","message":"🚀 Comprehensive Admin Menu System initialized with error loop handling"}
{"timestamp":"2026-05-31T10:44:27.137Z","level":"info","message":"✅ Modular menu system active via MenuRouter"}
{"timestamp":"2026-05-31T10:44:27.137Z","level":"info","message":"✅ Menu Integration system active for consistent UI/UX"}
{"timestamp":"2026-05-31T10:49:27.137Z","level":"info","message":"📊 Analyzing error patterns"}
{"timestamp":"2026-05-31T12:51:45.062Z","level":"info","message":"🛡️ Error handling system initialized"}
{"timestamp":"2026-05-31T12:51:45.062Z","level":"info","message":"🔄 Error resolution loops and memory cleanup started"}
{"timestamp":"2026-05-31T12:51:45.063Z","level":"info","message":"⚠️ Bot not available, skipping admin menu handlers initialization"}
{"timestamp":"2026-05-31T12:51:45.063Z","level":"info","message":"🚀 Comprehensive Admin Menu System initialized with error loop handling"}
{"timestamp":"2026-05-31T12:51:45.063Z","level":"info","message":"✅ Modular menu system active via MenuRouter"}
{"timestamp":"2026-05-31T12:51:45.063Z","level":"info","message":"✅ Menu Integration system active for consistent UI/UX"}
{"timestamp":"2026-05-31T12:52:06.095Z","level":"info","message":"🛡️ Error handling system initialized"}
{"timestamp":"2026-05-31T12:52:06.096Z","level":"info","message":"🔄 Error resolution loops and memory cleanup started"}
{"timestamp":"2026-05-31T12:52:06.097Z","level":"info","message":"⚠️ Bot not available, skipping admin menu handlers initialization"}
{"timestamp":"2026-05-31T12:52:06.097Z","level":"info","message":"🚀 Comprehensive Admin Menu System initialized with error loop handling"}
{"timestamp":"2026-05-31T12:52:06.097Z","level":"info","message":"✅ Modular menu system active via MenuRouter"}
{"timestamp":"2026-05-31T12:52:06.097Z","level":"info","message":"✅ Menu Integration system active for consistent UI/UX"}
{"timestamp":"2026-05-31T12:54:06.429Z","level":"info","message":"🛡️ Error handling system initialized"}
{"timestamp":"2026-05-31T12:54:06.430Z","level":"info","message":"🔄 Error resolution loops and memory cleanup started"}
{"timestamp":"2026-05-31T12:54:06.430Z","level":"info","message":"⚠️ Bot not available, skipping admin menu handlers initialization"}
{"timestamp":"2026-05-31T12:54:06.430Z","level":"info","message":"🚀 Comprehensive Admin Menu System initialized with error loop handling"}
{"timestamp":"2026-05-31T12:54:06.430Z","level":"info","message":"✅ Modular menu system active via MenuRouter"}
{"timestamp":"2026-05-31T12:54:06.430Z","level":"info","message":"✅ Menu Integration system active for consistent UI/UX"}
{"timestamp":"2026-05-31T12:55:31.315Z","level":"info","message":"🛡️ Error handling system initialized"}
{"timestamp":"2026-05-31T12:55:31.317Z","level":"info","message":"🔄 Error resolution loops and memory cleanup started"}
{"timestamp":"2026-05-31T12:55:31.317Z","level":"info","message":"⚠️ Bot not available, skipping admin menu handlers initialization"}
{"timestamp":"2026-05-31T12:55:31.317Z","level":"info","message":"🚀 Comprehensive Admin Menu System initialized with error loop handling"}
{"timestamp":"2026-05-31T12:55:31.317Z","level":"info","message":"✅ Modular menu system active via MenuRouter"}
{"timestamp":"2026-05-31T12:55:31.317Z","level":"info","message":"✅ Menu Integration system active for consistent UI/UX"}
